[INFO] Scanning for projects...
[INFO] 
[INFO] -----------------< mate.academy:spring_boot_security >------------------
[INFO] Building spring_boot_security 0.0.1-SNAPSHOT
[INFO]   from pom.xml
[INFO] --------------------------------[ jar ]---------------------------------
[INFO] 
[INFO] >>> spring-boot:3.5.11:run (default-cli) > test-compile @ spring_boot_security >>>
[INFO] 
[INFO] --- jacoco:0.8.11:prepare-agent (default) @ spring_boot_security ---
[INFO] argLine set to -javaagent:/Users/aleksandersolodukhin/.m2/repository/org/jacoco/org.jacoco.agent/0.8.11/org.jacoco.agent-0.8.11-runtime.jar=destfile=/Users/aleksandersolodukhin/IdeaProjects/spring_boot_security/target/jacoco.exec
[INFO] 
[INFO] --- resources:3.3.1:resources (default-resources) @ spring_boot_security ---
[INFO] Copying 1 resource from src/main/resources to target/classes
[INFO] Copying 0 resource from src/main/resources to target/classes
[INFO] 
[INFO] --- compiler:3.11.0:compile (default-compile) @ spring_boot_security ---
[INFO] Nothing to compile - all classes are up to date
[INFO] 
[INFO] --- resources:3.3.1:testResources (default-testResources) @ spring_boot_security ---
[INFO] Copying 1 resource from src/test/resources to target/test-classes
[INFO] 
[INFO] --- compiler:3.11.0:testCompile (default-testCompile) @ spring_boot_security ---
[INFO] Nothing to compile - all classes are up to date
[INFO] 
[INFO] <<< spring-boot:3.5.11:run (default-cli) < test-compile @ spring_boot_security <<<
[INFO] 
[INFO] 
[INFO] --- spring-boot:3.5.11:run (default-cli) @ spring_boot_security ---
[INFO] Attaching agents: []

  .   ____          _            __ _ _
 /\\ / ___'_ __ _ _(_)_ __  __ _ \ \ \ \
( ( )\___ | '_ | '_| | '_ \/ _` | \ \ \ \
 \\/  ___)| |_)| | | | | || (_| |  ) ) ) )
  '  |____| .__|_| |_|_| |_\__, | / / / /
 =========|_|==============|___/=/_/_/_/

 :: Spring Boot ::               (v3.5.11)

2026-03-17T21:16:52.620+02:00  INFO 90373 --- [spring_boot_security] [           main] m.a.spring_boot_security.Application     : Starting Application using Java 23.0.2 with PID 90373 (/Users/aleksandersolodukhin/IdeaProjects/spring_boot_security/target/classes started by aleksandersolodukhin in /Users/aleksandersolodukhin/IdeaProjects/spring_boot_security)
2026-03-17T21:16:52.633+02:00  INFO 90373 --- [spring_boot_security] [           main] m.a.spring_boot_security.Application     : No active profile set, falling back to 1 default profile: "default"
2026-03-17T21:16:54.042+02:00  INFO 90373 --- [spring_boot_security] [           main] .s.d.r.c.RepositoryConfigurationDelegate : Bootstrapping Spring Data JPA repositories in DEFAULT mode.
2026-03-17T21:16:54.145+02:00  INFO 90373 --- [spring_boot_security] [           main] .s.d.r.c.RepositoryConfigurationDelegate : Finished Spring Data repository scanning in 93 ms. Found 1 JPA repository interface.
2026-03-17T21:16:54.666+02:00  INFO 90373 --- [spring_boot_security] [           main] o.s.b.w.embedded.tomcat.TomcatWebServer  : Tomcat initialized with port 8080 (http)
2026-03-17T21:16:54.680+02:00  INFO 90373 --- [spring_boot_security] [           main] o.apache.catalina.core.StandardService   : Starting service [Tomcat]
2026-03-17T21:16:54.680+02:00  INFO 90373 --- [spring_boot_security] [           main] o.apache.catalina.core.StandardEngine    : Starting Servlet engine: [Apache Tomcat/10.1.52]
2026-03-17T21:16:54.742+02:00  INFO 90373 --- [spring_boot_security] [           main] o.a.c.c.C.[Tomcat].[localhost].[/]       : Initializing Spring embedded WebApplicationContext
2026-03-17T21:16:54.746+02:00  INFO 90373 --- [spring_boot_security] [           main] w.s.c.ServletWebServerApplicationContext : Root WebApplicationContext: initialization completed in 1990 ms
2026-03-17T21:16:54.915+02:00  INFO 90373 --- [spring_boot_security] [           main] o.hibernate.jpa.internal.util.LogHelper  : HHH000204: Processing PersistenceUnitInfo [name: default]
2026-03-17T21:16:54.943+02:00  INFO 90373 --- [spring_boot_security] [           main] org.hibernate.Version                    : HHH000412: Hibernate ORM core version 6.6.42.Final
2026-03-17T21:16:54.962+02:00  INFO 90373 --- [spring_boot_security] [           main] o.h.c.internal.RegionFactoryInitiator    : HHH000026: Second-level cache disabled
2026-03-17T21:16:55.336+02:00  INFO 90373 --- [spring_boot_security] [           main] o.s.o.j.p.SpringPersistenceUnitInfo      : No LoadTimeWeaver setup: ignoring JPA class transformer
2026-03-17T21:16:55.398+02:00  INFO 90373 --- [spring_boot_security] [           main] com.zaxxer.hikari.HikariDataSource       : HikariPool-1 - Starting...
2026-03-17T21:16:55.839+02:00  INFO 90373 --- [spring_boot_security] [           main] com.zaxxer.hikari.pool.HikariPool        : HikariPool-1 - Added connection com.mysql.cj.jdbc.ConnectionImpl@3e9fb485
2026-03-17T21:16:55.841+02:00  INFO 90373 --- [spring_boot_security] [           main] com.zaxxer.hikari.HikariDataSource       : HikariPool-1 - Start completed.
2026-03-17T21:16:55.933+02:00  INFO 90373 --- [spring_boot_security] [           main] org.hibernate.orm.connections.pooling    : HHH10001005: Database info:
	Database JDBC URL [Connecting through datasource 'HikariDataSource (HikariPool-1)']
	Database driver: undefined/unknown
	Database version: 9.2
	Autocommit mode: undefined/unknown
	Isolation level: undefined/unknown
	Minimum pool size: undefined/unknown
	Maximum pool size: undefined/unknown
2026-03-17T21:16:56.675+02:00  INFO 90373 --- [spring_boot_security] [           main] o.h.e.t.j.p.i.JtaPlatformInitiator       : HHH000489: No JTA platform available (set 'hibernate.transaction.jta.platform' to enable JTA platform integration)
2026-03-17T21:16:56.741+02:00  INFO 90373 --- [spring_boot_security] [           main] j.LocalContainerEntityManagerFactoryBean : Initialized JPA EntityManagerFactory for persistence unit 'default'
2026-03-17T21:16:57.557+02:00  WARN 90373 --- [spring_boot_security] [           main] JpaBaseConfiguration$JpaWebConfiguration : spring.jpa.open-in-view is enabled by default. Therefore, database queries may be performed during view rendering. Explicitly configure spring.jpa.open-in-view to disable this warning
2026-03-17T21:16:58.037+02:00  INFO 90373 --- [spring_boot_security] [           main] o.s.b.w.embedded.tomcat.TomcatWebServer  : Tomcat started on port 8080 (http) with context path '/'
2026-03-17T21:16:58.051+02:00  INFO 90373 --- [spring_boot_security] [           main] m.a.spring_boot_security.Application     : Started Application in 6.144 seconds (process running for 6.745)
2026-03-17T21:17:09.605+02:00  INFO 90373 --- [spring_boot_security] [ionShutdownHook] o.s.b.w.e.tomcat.GracefulShutdown        : Commencing graceful shutdown. Waiting for active requests to complete
2026-03-17T21:17:09.615+02:00  INFO 90373 --- [spring_boot_security] [tomcat-shutdown] o.s.b.w.e.tomcat.GracefulShutdown        : Graceful shutdown complete
2026-03-17T21:17:09.621+02:00  INFO 90373 --- [spring_boot_security] [ionShutdownHook] j.LocalContainerEntityManagerFactoryBean : Closing JPA EntityManagerFactory for persistence unit 'default'
2026-03-17T21:17:09.624+02:00  INFO 90373 --- [spring_boot_security] [ionShutdownHook] com.zaxxer.hikari.HikariDataSource       : HikariPool-1 - Shutdown initiated...
2026-03-17T21:17:09.642+02:00  INFO 90373 --- [spring_boot_security] [ionShutdownHook] com.zaxxer.hikari.HikariDataSource       : HikariPool-1 - Shutdown completed.
[INFO] ------------------------------------------------------------------------
[INFO] BUILD SUCCESS
[INFO] ------------------------------------------------------------------------
[INFO] Total time:  22.300 s
[INFO] Finished at: 2026-03-17T21:17:09+02:00
[INFO] ------------------------------------------------------------------------
